Archive member included because of file (symbol)

c:/devkitPro/devkitPSP/psp/sdk/lib\libosl.a(oslib.o)
                              psp/PspSound.o (osl_quit)
c:/devkitPro/devkitPSP/psp/sdk/lib\libosl.a(drawing.o)
                              gbcore/lcd.o (oslConvertColor)
c:/devkitPro/devkitPSP/psp/sdk/lib\libosl.a(image.o)
                              psp/main.o (osl_autoSwizzleImages)
c:/devkitPro/devkitPSP/psp/sdk/lib\libosl.a(palette.o)
                              c:/devkitPro/devkitPSP/psp/sdk/lib\libosl.a(drawing.o) (oslGetPaletteColor)
c:/devkitPro/devkitPSP/psp/sdk/lib\libosl.a(shape.o)
                              psp/VideoGu.o (oslBlendColors)
c:/devkitPro/devkitPSP/psp/sdk/lib\libosl.a(messagebox.o)
                              psp/SMS.o (oslMessageBox)
c:/devkitPro/devkitPSP/psp/sdk/lib\libosl.a(keys.o)
                              psp/menuplus.o (oslReadKeys)
c:/devkitPro/devkitPSP/psp/sdk/lib\libosl.a(vfpu.o)
                              psp/menuplus.o (oslCos)
c:/devkitPro/devkitPSP/psp/sdk/lib\libosl.a(text.o)
                              psp/VideoGu.o (oslSetTextColor)
c:/devkitPro/devkitPSP/psp/sdk/lib\libosl.a(vram_mgr.o)
                              c:/devkitPro/devkitPSP/psp/sdk/lib\libosl.a(drawing.o) (oslVramMgrSetParameters)
c:/devkitPro/devkitPSP/psp/sdk/lib\libosl.a(stub.o)
                              c:/devkitPro/devkitPSP/psp/sdk/lib\libosl.a(image.o) (sceDmacMemcpy)
c:/devkitPro/devkitPSP/psp/sdk/lib\libosl.a(audio.o)
                              c:/devkitPro/devkitPSP/psp/sdk/lib\libosl.a(oslib.o) (oslAudioVSync)
c:/devkitPro/devkitPSP/psp/sdk/lib\libosl.a(bgm.o)
                              c:/devkitPro/devkitPSP/psp/sdk/lib\libosl.a(audio.o) (oslLoadSoundFileBGM)
c:/devkitPro/devkitPSP/psp/sdk/lib\libosl.a(VirtualFile.o)
                              psp/VirtualGz.o (VirtualFileRegisterSource)
c:/devkitPro/devkitPSP/psp/sdk/lib\libosl.a(vfsFile.o)
                              c:/devkitPro/devkitPSP/psp/sdk/lib\libosl.a(VirtualFile.o) (oslInitVfsFile)
c:/devkitPro/devkitPSP/psp/sdk/lib\libosl.a(oslDrawImage.o)
                              psp/menuplus.o (oslDrawImage)
c:/devkitPro/devkitPSP/psp/sdk/lib\libosl.a(oslDrawImageSimple.o)
                              psp/menuplus.o (oslDrawImageSimple)
c:/devkitPro/devkitPSP/psp/sdk/lib\libosl.a(oslLockImage.o)
                              psp/menuplus.o (oslUnlockImage)
c:/devkitPro/devkitPSP/psp/sdk/lib\libosl.a(oslSwizzleImage.o)
                              psp/menuplus.o (oslSwizzleImage)
c:/devkitPro/devkitPSP/psp/sdk/lib\libosl.a(oslSetDrawBuffer.o)
                              psp/menuplus.o (oslSetDrawBuffer)
c:/devkitPro/devkitPSP/psp/sdk/lib\libosl.a(oslWriteImageFilePNG.o)
                              psp/menuplus.o (oslWriteImageFilePNG)
c:/devkitPro/devkitPSP/psp/sdk/lib\libosl.a(oslLoadImageFile.o)
                              psp/menuplus.o (oslLoadImageFile)
c:/devkitPro/devkitPSP/psp/sdk/lib\libosl.a(oslShowSplashScreen1.o)
                              psp/VideoGu.o (oslShowSplashScreen1)
c:/devkitPro/devkitPSP/psp/sdk/lib\libosl.a(oslShowSplashScreen2.o)
                              psp/VideoGu.o (oslShowSplashScreen2)
c:/devkitPro/devkitPSP/psp/sdk/lib\libosl.a(oslHandleLoadNoFailError.o)
                              c:/devkitPro/devkitPSP/psp/sdk/lib\libosl.a(text.o) (oslHandleLoadNoFailError)
c:/devkitPro/devkitPSP/psp/sdk/lib\libosl.a(oslMoveImageTo.o)
                              c:/devkitPro/devkitPSP/psp/sdk/lib\libosl.a(oslShowSplashScreen1.o) (oslMoveImageTo)
c:/devkitPro/devkitPSP/psp/sdk/lib\libosl.a(oslLoadImageFilePNG.o)
                              c:/devkitPro/devkitPSP/psp/sdk/lib\libosl.a(oslWriteImageFilePNG.o) (oslPngFlushFn)
c:/devkitPro/devkitPSP/psp/sdk/lib\libosl.a(oslLoadImageFileJPG.o)
                              c:/devkitPro/devkitPSP/psp/sdk/lib\libosl.a(oslLoadImageFile.o) (oslLoadImageFileJPG)
c:/devkitPro/devkitPSP/psp/sdk/lib\libosl.a(oslLoadImageFileGIF.o)
                              c:/devkitPro/devkitPSP/psp/sdk/lib\libosl.a(oslLoadImageFile.o) (oslLoadImageFileGIF)
c:/devkitPro/devkitPSP/psp/sdk/lib\libosl.a(oslConvertImageTo.o)
                              c:/devkitPro/devkitPSP/psp/sdk/lib\libosl.a(oslLoadImageFilePNG.o) (oslConvertImageTo)
c:/devkitPro/devkitPSP/psp/sdk/lib\libosl.a(oslSetImagePixel.o)
                              c:/devkitPro/devkitPSP/psp/sdk/lib\libosl.a(oslConvertImageTo.o) (oslSetImagePixel)
c:/devkitPro/devkitPSP/psp/sdk/lib\libosl.a(oslGetImagePixel.o)
                              c:/devkitPro/devkitPSP/psp/sdk/lib\libosl.a(oslConvertImageTo.o) (oslGetImagePixel)
c:/devkitPro/devkitPSP/psp/sdk/lib\libosl.a(gba-jpeg-decode.o)
                              c:/devkitPro/devkitPSP/psp/sdk/lib\libosl.a(oslLoadImageFileJPG.o) (JPEG_Decoder_ReadImage)
c:/devkitPro/devkitPSP/psp/sdk/lib\libosl.a(dgif_lib.o)
                              c:/devkitPro/devkitPSP/psp/sdk/lib\libosl.a(oslLoadImageFileGIF.o) (DGifGetLine)
[...]
Memory Configuration

Name             Origin             Length             Attributes
*default*        0x0000000000000000 0xffffffffffffffff

Linker script and memory map

LOAD c:/devkitpro/devkitpsp/bin/../lib/gcc/psp/4.1.2/../../../../psp/lib/crt0.o
LOAD c:/devkitpro/devkitpsp/bin/../lib/gcc/psp/4.1.2/crti.o
LOAD c:/devkitpro/devkitpsp/bin/../lib/gcc/psp/4.1.2/crtbegin.o
LOAD gbcore/apu.o
LOAD gbcore/cheat.o
LOAD gbcore/cpu.o
LOAD gbcore/gb.o
LOAD gbcore/lcd.o
LOAD gbcore/mbc.o
LOAD gbcore/rom.o
LOAD gbcore/sgb.o
LOAD cpu/z80.o
LOAD memz80.o
LOAD pio.o
LOAD vdp.o
LOAD render.o
LOAD sms.o
LOAD system.o
LOAD sound/sound.o
LOAD sound/sn76489.o
LOAD sound/emu2413.o
LOAD sound/ym2413.o
LOAD sound/fmintf.o
LOAD sound/stream.o
LOAD psp/gameboy_render.o
LOAD psp/VideoGu.o
LOAD psp/Controls.o
LOAD psp/PspSound.o
LOAD psp/SMS.o
LOAD psp/main.o
LOAD psp/menuplus.o
LOAD psp/menuplus2.o
LOAD psp/config.o
LOAD psp/usb.o
LOAD psp/sound.o
LOAD fileio.o
LOAD state.o
LOAD loadrom.o
LOAD unzip/ioapi.o
LOAD unzip/unzip.o
LOAD psp/gym/gym.o
LOAD psp/gym/gym_play.o
LOAD psp/gym/psg.o
LOAD psp/gym/ym2612.o
LOAD psp/gym/bzlib/blocksort.o
LOAD psp/gym/bzlib/bzlib.o
LOAD psp/gym/bzlib/compress.o
LOAD psp/gym/bzlib/crctable.o
LOAD psp/gym/bzlib/decompress.o
LOAD psp/gym/bzlib/huffman.o
LOAD psp/gym/bzlib/randtable.o
LOAD psp/vgm/mame_fm.o
LOAD psp/vgm/emu2413.o
LOAD psp/vgm/sn76489.o
LOAD psp/vgm/mame_ym2151.o
LOAD psp/vgm/In_vgm.o
LOAD psp/gz.o
LOAD psp/VirtualGz.o
LOAD psp/deflate.o
LOAD psp/gzio.o
LOAD error.o
LOAD c:/devkitPro/devkitPSP/psp/sdk/lib\libosl.a
LOAD c:/devkitPro/devkitPSP/psp/sdk/lib\libpng.a
LOAD c:/devkitPro/devkitPSP/psp/sdk/lib\libz.a
LOAD c:/devkitPro/devkitPSP/psp/sdk/lib\libpspsdk.a
LOAD c:/devkitPro/devkitPSP/psp/sdk/lib\libpsphprm.a
LOAD c:/devkitPro/devkitPSP/psp/sdk/lib\libpspctrl.a
LOAD c:/devkitPro/devkitPSP/psp/sdk/lib\libpspumd.a
LOAD c:/devkitPro/devkitPSP/psp/sdk/lib\libpsprtc.a
LOAD c:/devkitPro/devkitPSP/psp/sdk/lib\libpsppower.a
LOAD c:/devkitPro/devkitPSP/psp/sdk/lib\libpspusb.a
LOAD c:/devkitPro/devkitPSP/psp/sdk/lib\libpspusbstor.a
LOAD c:/devkitPro/devkitPSP/psp/sdk/lib\libpspgu.a
LOAD c:/devkitPro/devkitPSP/psp/sdk/lib\libpspaudiolib.a
LOAD c:/devkitPro/devkitPSP/psp/sdk/lib\libpspaudio.a
LOAD c:/devkitpro/devkitpsp/bin/../lib/gcc/psp/4.1.2/../../../../psp/lib\libstdc++.a
LOAD c:/devkitpro/devkitpsp/bin/../lib/gcc/psp/4.1.2/../../../../psp/lib\libm.a
LOAD c:/devkitPro/devkitPSP/psp/sdk/lib\libpspdebug.a
LOAD c:/devkitPro/devkitPSP/psp/sdk/lib\libpspdisplay.a
LOAD c:/devkitPro/devkitPSP/psp/sdk/lib\libpspge.a
LOAD c:/devkitPro/devkitPSP/psp/sdk/lib\libpspctrl.a
LOAD c:/devkitPro/devkitPSP/psp/sdk/lib\libpspsdk.a
LOAD c:/devkitpro/devkitpsp/bin/../lib/gcc/psp/4.1.2/../../../../psp/lib\libc.a
LOAD c:/devkitPro/devkitPSP/psp/sdk/lib\libpspnet.a
LOAD c:/devkitPro/devkitPSP/psp/sdk/lib\libpspnet_inet.a
LOAD c:/devkitPro/devkitPSP/psp/sdk/lib\libpspnet_apctl.a
LOAD c:/devkitPro/devkitPSP/psp/sdk/lib\libpspnet_resolver.a
LOAD c:/devkitPro/devkitPSP/psp/sdk/lib\libpsputility.a
LOAD c:/devkitPro/devkitPSP/psp/sdk/lib\libpspuser.a
LOAD c:/devkitPro/devkitPSP/psp/sdk/lib\libpspkernel.a
LOAD c:/devkitpro/devkitpsp/bin/../lib/gcc/psp/4.1.2\libgcc.a
LOAD c:/devkitpro/devkitpsp/bin/../lib/gcc/psp/4.1.2\libgcc.a
LOAD c:/devkitpro/devkitpsp/bin/../lib/gcc/psp/4.1.2/crtend.o
LOAD c:/devkitpro/devkitpsp/bin/../lib/gcc/psp/4.1.2/crtn.o
                0x0000000008900000                PROVIDE (__executable_start, 0x8900000)
                0x0000000008900000                . = 0x8900000

.interp
 *(.interp)

.reginfo        0x0000000008900000       0x18
 *(.reginfo)
 .reginfo       0x0000000008900000       0x18 c:/devkitpro/devkitpsp/bin/../lib/gcc/psp/4.1.2/../../../../psp/lib/crt0.o

.dynamic
 *(.dynamic)

.hash
 *(.hash)

.dynsym
 *(.dynsym)

.dynstr
 *(.dynstr)

.gnu.version
 *(.gnu.version)

.gnu.version_d
 *(.gnu.version_d)

.gnu.version_r
 *(.gnu.version_r)

.rel.dyn

.rel.init
 *(.rel.init)

.rela.init
 *(.rela.init)

.rel.text
 *(.rel.text .rel.text.* .rel.gnu.linkonce.t.*)

.rela.text
 *(.rela.text .rela.text.* .rela.gnu.linkonce.t.*)

.rel.fini
 *(.rel.fini)

.rela.fini
 *(.rela.fini)

.rel.sceStub.text
 *(.rel.sceStub.text)
 *(SORT(.rel.sceStub.text.*))

.rel.lib.ent.top
 *(.rel.lib.ent.top)

.rel.lib.ent
 *(.rel.lib.ent)

.rel.lib.ent.btm
 *(.rel.lib.ent.btm)

.rel.lib.stub.top
 *(.rel.lib.stub.top)

.rel.lib.stub
 *(.rel.lib.stub)

.rel.lib.stub.btm
 *(.rel.lib.stub.btm)

.rel.rodata.sceModuleInfo
 *(.rel.rodata.sceModuleInfo)

.rel.rodata.sceResident
 *(.rel.rodata.sceResident)

.rel.rodata.sceNid
 *(.rel.rodata.sceNid)

.rel.rodata.sceVstub
 *(.rel.rodata.sceVstub)
 *(SORT(.rel.rodata.sceVstub.*))

.rel.rodata
 *(.rel.rodata .rel.rodata.* .rel.gnu.linkonce.r.*)

.rela.rodata
 *(.rela.rodata .rela.rodata.* .rela.gnu.linkonce.r.*)

.rel.data.rel.ro
 *(.rel.data.rel.ro*)

.rela.data.rel.ro
 *(.rel.data.rel.ro*)

.rel.data
 *(.rel.data .rel.data.* .rel.gnu.linkonce.d.*)

.rela.data
 *(.rela.data .rela.data.* .rela.gnu.linkonce.d.*)

.rel.tdata
 *(.rel.tdata .rel.tdata.* .rel.gnu.linkonce.td.*)

.rela.tdata
 *(.rela.tdata .rela.tdata.* .rela.gnu.linkonce.td.*)

.rel.tbss
 *(.rel.tbss .rel.tbss.* .rel.gnu.linkonce.tb.*)

.rela.tbss
 *(.rela.tbss .rela.tbss.* .rela.gnu.linkonce.tb.*)

.rel.ctors
 *(.rel.ctors)

.rela.ctors
 *(.rela.ctors)

.rel.dtors
 *(.rel.dtors)

.rela.dtors
 *(.rela.dtors)

.rel.got
 *(.rel.got)

.rela.got
 *(.rela.got)

.rel.sdata
 *(.rel.sdata .rel.sdata.* .rel.gnu.linkonce.s.*)

.rela.sdata
 *(.rela.sdata .rela.sdata.* .rela.gnu.linkonce.s.*)

.rel.sbss
 *(.rel.sbss .rel.sbss.* .rel.gnu.linkonce.sb.*)

.rela.sbss
 *(.rela.sbss .rela.sbss.* .rela.gnu.linkonce.sb.*)

.rel.sdata2
 *(.rel.sdata2 .rel.sdata2.* .rel.gnu.linkonce.s2.*)

.rela.sdata2
 *(.rela.sdata2 .rela.sdata2.* .rela.gnu.linkonce.s2.*)

.rel.sbss2
 *(.rel.sbss2 .rel.sbss2.* .rel.gnu.linkonce.sb2.*)

.rela.sbss2
 *(.rela.sbss2 .rela.sbss2.* .rela.gnu.linkonce.sb2.*)

.rel.bss
 *(.rel.bss .rel.bss.* .rel.gnu.linkonce.b.*)

.rela.bss
 *(.rela.bss .rela.bss.* .rela.gnu.linkonce.b.*)

.rel.plt
 *(.rel.plt)

.rela.plt
 *(.rela.plt)

.init           0x0000000008900018       0x24
 *(.init)
 .init          0x0000000008900018        0x8 c:/devkitpro/devkitpsp/bin/../lib/gcc/psp/4.1.2/crti.o
                0x0000000008900018                _init
 .init          0x0000000008900020        0x8 c:/devkitpro/devkitpsp/bin/../lib/gcc/psp/4.1.2/crtbegin.o
 .init          0x0000000008900028        0x8 c:/devkitpro/devkitpsp/bin/../lib/gcc/psp/4.1.2/crtend.o
 .init          0x0000000008900030        0xc c:/devkitpro/devkitpsp/bin/../lib/gcc/psp/4.1.2/crtn.o

.plt
 *(.plt)

.text           0x000000000890003c    0xfb5ac
                0x000000000890003c                _ftext = .
 *(.text .stub .text.* .gnu.linkonce.t.*)
 .text          0x000000000890003c      0x1ec c:/devkitpro/devkitpsp/bin/../lib/gcc/psp/4.1.2/../../../../psp/lib/crt0.o
                0x000000000890003c                _start
                0x0000000008900180                _main
 .text          0x0000000008900228      0x10c c:/devkitpro/devkitpsp/bin/../lib/gcc/psp/4.1.2/crtbegin.o
 .text          0x0000000008900334     0x2380 gbcore/apu.o
                0x000000000890042c                apu_get_stat_gen
                0x0000000008901ce0                snd_render
                0x0000000008900418                apu_update
                0x0000000008900fa4                snd_get_lowpass
                0x0000000008900b58                snd_noi_produce
                0x0000000008901098                snd_reset
                0x0000000008900cd4                snd_update
                0x0000000008900480                snd_get_enable
                0x0000000008900f98                snd_set_lowpass
                0x0000000008900420                apu_get_stat_cpu
                0x0000000008900494                snd_process
                0x00000000089012ac                snd_render_orig
                0x000000000890046c                snd_set_enable
                0x0000000008900a50                snd_wav_produce
                0x0000000008900fb0                apu_write
                0x00000000089009b0                snd_sq2_produce
                0x0000000008901284                apu_init
                0x0000000008900444                snd_init
                0x000000000890127c                apu_reset
                0x0000000008900334                apu_read
                0x0000000008900438                apu_get_mem
                0x0000000008900910                snd_sq1_produce
 .text          0x00000000089026b4      0x884 gbcore/cheat.o
                0x0000000008902a90                cheat_init
                0x00000000089026f8                cheat_write
                0x00000000089027ec                cheat_decreate_cheat_map
                0x0000000008902a84                cheat_clear
                0x0000000008902a9c                cheat_load
                0x00000000089026b4                hex2n
                0x0000000008902904                cheat_create_cheat_map
 .text          0x0000000008902f38     0xed58 gbcore/cpu.o
                0x000000000890812c                op_code_cb_case0x15
                0x0000000008907098                op_code_normal_case0xA0
                0x0000000008904ac0                op_code_cb_case0xFF
                0x0000000008904f90                op_code_cb_case0xBD
                0x0000000008909f98                op_code_normal_case0xC9
                0x0000000008909124                cpu_read
                0x0000000008906c44                op_code_normal_case0xBA
                0x00000000089093d4                op_code_normal_case0x2A
                0x000000000890bac8                op_code_cb_case0xAE
                0x0000000008904930                op_code_cb_case0xEB
                0x0000000008904f08                op_code_cb_case0xB7
                0x00000000089049b4                op_code_cb_case0xF2
                0x0000000008905354                op_code_normal_case0x7D
                0x00000000089099b8                op_code_normal_case0xF6
                0x0000000008908524                cpu_set_c_regs
                0x0000000008905104                op_code_normal_case0x51
                0x000000000890c18c                op_code_cb_case0x8E
                0x0000000008904838                op_code_cb_case0xDF
                0x00000000089077c4                op_code_normal_case0x87
                0x0000000008905218                op_code_normal_case0x62
                0x0000000008905370                op_code_normal_case0xF9
                0x00000000089050dc                op_code_normal_case0x4F
                0x0000000008911384                op_code_normal_case0x0A
                0x0000000008907ff8                op_code_cb_case0x1B
                0x0000000008909418                op_code_cb_case0x7E
                0x0000000008909a08                op_code_normal_case0x06
                0x0000000008904e58                op_code_cb_case0xAD
                0x0000000008904918                op_code_cb_case0xEA
                0x00000000089111b8                op_code_normal_case0x1A
                0x0000000008907ed8                op_code_cb_case0x21
                0x0000000008904100                op_code_cb_case0x64
                0x0000000008909d64                op_code_normal_case0xEE
                0x0000000008903948                cpu_restore_state_ex
                0x0000000008904638                op_code_cb_case0xC4
                0x00000000089068fc                op_code_normal_case0x05
                0x000000000890a000                op_code_normal_case0xD9
                0x00000000089050a0                op_code_normal_case0x4B
                0x0000000008907664                op_code_normal_case0x8B
                0x00000000089078e4                op_code_normal_case0x82
                0x0000000008908074                op_code_cb_case0x19
                0x0000000008902fe8                cpu_save_state_ex
                0x0000000008903c54                op_code_cb_case0x4A
                0x000000000890c070                op_code_normal_case0x72
                0x000000000890a3a8                op_code_normal_case0x01
                0x0000000008909330                op_code_normal_case0x46
                0x0000000008905184                op_code_normal_case0x59
                0x0000000008909594                op_code_cb_case0x56
                0x0000000008908224                op_code_cb_case0x11
                0x0000000008904b20                op_code_cb_case0x83
                0x0000000008904770                op_code_cb_case0xD4
                0x00000000089046c0                op_code_cb_case0xCB
                0x00000000089118ec                op_code_normal_case0x66
                0x000000000890bf4c                op_code_cb_case0xFE
                0x00000000089055a8                op_code_normal_case0x00
                0x0000000008905048                op_code_normal_case0x45
                0x0000000008905518                op_code_normal_case0x1B
                0x000000000890bd08                op_code_cb_case0x9E
                0x0000000008906478                cpu_init
                0x0000000008906dd8                op_code_normal_case0xB2
                0x00000000089082d4                op_code_cb_case0x0D
                0x0000000008906b54                op_code_normal_case0xBD
                0x00000000089073c8                op_code_normal_case0x94
                0x000000000890af90                op_code_normal_case0xCD
                0x0000000008904edc                op_code_cb_case0xB4
                0x0000000008904c6c                op_code_cb_case0x94
                0x00000000089048d4                op_code_cb_case0xE7
                0x000000000890abb8                op_code_normal_case0xC4
                0x0000000008909678                op_read
                0x000000000890962c                op_code_cb_case0x46
                0x00000000089084b8                op_code_cb_case0x03
                0x00000000089072f0                op_code_normal_case0x98
                0x0000000008907bb0                op_code_cb_case0x3B
                0x0000000008907c38                op_code_cb_case0x38
                0x0000000008904a0c                op_code_cb_case0xF7
                0x00000000089043d8                op_code_cb_case0x74
                0x0000000008904030                op_code_cb_case0x60
                0x00000000089098c0                op_code_normal_case0x16
                0x0000000008903d8c                op_code_cb_case0x51
                0x0000000008904694                op_code_cb_case0xC9
                0x00000000089083e0                op_code_cb_case0x08
                0x000000000890b028                op_code_normal_case0xC2
                0x0000000008907a8c                op_code_cb_case0x32
                0x0000000008904440                op_code_cb_case0x77
                0x0000000008906a64                op_code_normal_case0x14
                0x0000000008906fd8                op_code_normal_case0xA4
                0x000000000890bbe8                op_code_cb_case0xA6
                0x0000000008904c14                op_code_cb_case0x90
                0x0000000008904894                op_code_cb_case0xE3
                0x000000000890aae0                op_code_normal_case0xDC
                0x00000000089050b4                op_code_normal_case0x4C
                0x0000000008907b24                op_code_cb_case0x3F
                0x00000000089052c0                op_code_normal_case0x6C
                0x000000000890fcdc                op_code_normal_case0xB6
                0x0000000008903d58                op_code_cb_case0x50
                0x00000000089051b4                op_code_normal_case0x5C
                0x00000000089082a0                op_code_cb_case0x0F
                0x00000000089095e0                op_code_cb_case0x4E
                0x0000000008908340                op_code_cb_case0x0B
                0x0000000008904f64                op_code_cb_case0xBB
                0x000000000890797c                op_code_normal_case0x80
                0x0000000008904ec8                op_code_cb_case0xB3
                0x0000000008906950                op_code_normal_case0x3C
                0x0000000008909b60                op_code_normal_case0xE8
                0x0000000008906e7c                op_code_normal_case0xAD
                0x0000000008904b78                op_code_cb_case0x88
                0x00000000089047cc                op_code_cb_case0xD9
                0x0000000008904700                op_code_cb_case0xCF
                0x0000000008911550                op_code_normal_case0x7E
                0x0000000008905204                op_code_normal_case0x61
                0x0000000008904ff0                op_code_normal_case0x40
                0x0000000008905424                op_code_normal_case0x29
                0x000000000890862c                op_code_normal_case0xF3
                0x0000000008907da8                op_code_cb_case0x28
                0x0000000008906bf4                op_code_normal_case0xBB
                0x0000000008903f94                op_code_cb_case0x5C
                0x0000000008907350                op_code_normal_case0x97
                0x0000000008908f74                cpu_seri_send
                0x0000000008903ae8                op_code_cb_case0x42
                0x0000000008905504                op_code_normal_case0x0B
                0x000000000890426c                op_code_cb_case0x6C
                0x000000000890566c                cpu_set_trace
                0x000000000890c644                op_code_cb_case0x96
                0x0000000008904904                op_code_cb_case0xE9
                0x0000000008909970                op_code_normal_case0xF0
                0x000000000890a6a0                op_code_normal_case0xC5
                0x0000000008905170                op_code_normal_case0x58
                0x0000000008906d34                op_code_normal_case0xB7
                0x000000000890d510                op_code_normal_case0x22
                0x0000000008905248                op_code_normal_case0x65
                0x00000000089052d4                op_code_normal_case0x6D
                0x0000000008904510                op_code_cb_case0x7B
                0x0000000008905240                op_code_normal_case0x64
                0x0000000008907a5c                op_code_cb_case0x33
                0x0000000008904474                op_code_cb_case0x78
                0x000000000890c404                op_code_cb_case0xEE
                0x0000000008904cf4                op_code_cb_case0x9B
                0x000000000890ac90                op_code_normal_case0xCA
                0x000000000890c8dc                op_code_cb_case0xF6
                0x00000000089056a8                cpu_get_ram_bank
                0x00000000089053d4                op_code_normal_case0x19
                0x000000000890741c                op_code_normal_case0x93
                0x0000000008907c68                op_code_cb_case0x2F
                0x000000000890a340                op_code_normal_case0x31
                0x00000000089045e0                op_code_cb_case0xC0
                0x0000000008904ff8                op_code_normal_case0x41
                0x0000000008906a20                op_code_normal_case0x1C
                0x0000000008905554                op_code_normal_case0x2F
                0x0000000008907de0                op_code_cb_case0x27
                0x0000000008904bbc                op_code_cb_case0x8B
                0x000000000890480c                op_code_cb_case0xDC
                0x000000000890aef8                op_code_normal_case0xD2
                0x00000000089054dc                op_code_normal_case0x23
                0x000000000890a17c                op_code_normal_case0xC0
                0x0000000008906858                op_code_normal_case0x15
                0x00000000089050f0                op_code_normal_case0x50
                0x0000000008903a18                cpu_irq_check
                0x0000000008903e28                op_code_cb_case0x54
                0x00000000089043a4                op_code_cb_case0x73
                0x000000000890b1dc                op_code_normal_case0x75
                0x0000000008905384                op_code_normal_case0x09
                0x0000000008904c84                op_code_cb_case0x95
                0x00000000089048ec                op_code_cb_case0xE8
                0x00000000089054c8                op_code_normal_case0x13
                0x0000000008909548                op_code_cb_case0x5E
                0x000000000890f304                op_code_normal_case0x86
                0x0000000008908480                op_code_cb_case0x04
                0x0000000008903bb8                op_code_cb_case0x47
                0x0000000008905318                op_code_normal_case0x7A
                0x0000000008909af0                op_code_normal_case0xC6
                0x000000000890467c                op_code_cb_case0xC8
                0x0000000008904f4c                op_code_cb_case0xBA
                0x0000000008904a24                op_code_cb_case0xF8
                0x00000000089076bc                op_code_normal_case0x8A
                0x0000000008909f14                op_code_normal_case0xD8
                0x0000000008904d08                op_code_cb_case0x9C
                0x0000000008904970                op_code_cb_case0xEF
                0x0000000008904238                op_code_cb_case0x6B
                0x0000000008904dd0                op_code_cb_case0xA7
                0x0000000008904c2c                op_code_cb_case0x91
                0x00000000089048a8                op_code_cb_case0xE4
                0x0000000008907c9c                op_code_cb_case0x2D
                0x0000000008906ba4                op_code_normal_case0xBC
                0x000000000890da24                op_code_cb_case0xCE
                0x00000000089051f0                op_code_normal_case0x60
                0x0000000008908260                op_code_cb_case0x10
                0x0000000008903e5c                op_code_cb_case0x55
                0x000000000890a84c                op_code_normal_case0xCF
                0x000000000890b888                op_code_cb_case0xBE
                0x0000000008907f7c                op_code_cb_case0x1D
                0x0000000008907a28                op_code_cb_case0x34
                0x00000000089044a8                op_code_cb_case0x79
                0x0000000008906af0                op_code_normal_case0x04
                0x0000000008905084                op_code_normal_case0x49
                0x0000000008904f20                op_code_cb_case0xB8
                0x00000000089049cc                op_code_cb_case0xF3
                0x0000000008906dac                op_code_normal_case0xB3
                0x0000000008908678                op_code_normal_case0x10
                0x0000000008907110                op_code_normal_case0x9D
                0x000000000890a76c                op_code_normal_case0xEF
                0x0000000008908418                op_code_cb_case0x07
                0x0000000008903ab4                op_code_cb_case0x41
                0x0000000008906f58                op_code_normal_case0xA8
                0x000000000890f0d4                op_code_normal_case0x8E
                0x0000000008907008                op_code_normal_case0xA3
                0x00000000089051ac                op_code_normal_case0x5B
                0x00000000089071d0                op_code_normal_case0x9B
                0x0000000008904a8c                op_code_cb_case0xFC
                0x000000000890b72c                op_code_cb_case0x06
                0x0000000008903c20                op_code_cb_case0x49
                0x000000000890a578                op_code_normal_case0xE5
                0x0000000008904eb0                op_code_cb_case0xB2
                0x0000000008909db4                op_code_normal_case0x2E
                0x0000000008905034                op_code_normal_case0x44
                0x000000000890f52c                op_code_normal_case0xF1
                0x0000000008907898                op_code_normal_case0x83
                0x0000000008903fc8                op_code_cb_case0x5D
                0x0000000008906ce4                op_code_normal_case0xB8
                0x000000000890cc3c                op_code_cb_case0x2E
                0x000000000891171c                op_code_normal_case0x6E
                0x00000000089044dc                op_code_cb_case0x7A
                0x0000000008908d70                op_code_normal_case0x76
                0x0000000008904cc8                op_code_cb_case0x99
                0x0000000008907d3c                op_code_cb_case0x2A
                0x00000000089042a0                op_code_cb_case0x6D
                0x0000000008904da4                op_code_cb_case0xA4
                0x0000000008904868                op_code_cb_case0xE1
                0x0000000008909a40                op_code_normal_case0x3E
                0x000000000890562c                op_code_normal_case0x1F
                0x0000000008907374                op_code_normal_case0x95
                0x0000000008906aac                op_code_normal_case0x0C
                0x00000000089062b8                cpu_reset
                0x0000000008904ef4                op_code_cb_case0xB5
                0x0000000008904988                op_code_cb_case0xF0
                0x0000000008906130                cpu_read_direct_ord
                0x000000000890844c                op_code_cb_case0x05
                0x0000000008903bec                op_code_cb_case0x48
                0x0000000008905590                op_code_normal_case0x37
                0x0000000008904650                op_code_cb_case0xC5
                0x000000000890a0f8                op_code_normal_case0xC8
                0x0000000008906e30                op_code_normal_case0xB0
                0x0000000008905340                op_code_normal_case0x7C
                0x000000000890cecc                op_code_normal_case0x73
                0x0000000008909464                op_code_cb_case0x76
                0x0000000008907ac0                op_code_cb_case0x31
                0x000000000890e040                cpu_irq_process
                0x0000000008905600                op_code_normal_case0x17
                0x000000000890515c                op_code_normal_case0x57
                0x000000000890522c                op_code_normal_case0x63
                0x0000000008906b38                op_code_normal_case0xBF
                0x0000000008909308                op_code_normal_case0x4E
                0x000000000890eb8c                op_code_normal_case0x35
                0x000000000890d688                op_code_cb_case0x26
                0x00000000089041d0                op_code_cb_case0x69
                0x0000000008904ba4                op_code_cb_case0x8A
                0x00000000089047f8                op_code_cb_case0xDB
                0x0000000008904de8                op_code_cb_case0xA8
                0x0000000008904c40                op_code_cb_case0x92
                0x00000000089048c0                op_code_cb_case0xE5
                0x0000000008904bfc                op_code_cb_case0x8F
                0x000000000890a2e8                op_code_normal_case0xC3
                0x0000000008907470                op_code_normal_case0x92
                0x0000000008909ce8                op_code_normal_case0xCE
                0x0000000008910510                op_code_normal_case0x34
                0x0000000008905690                cpu_get_oam
                0x0000000008905270                op_code_normal_case0x68
                0x0000000008909e5c                op_code_normal_case0xDE
                0x0000000008907fb8                op_code_cb_case0x1C
                0x000000000890d394                op_code_normal_case0xEA
                0x0000000008906e5c                op_code_normal_case0xAF
                0x0000000008904b90                op_code_cb_case0x89
                0x000000000890dc64                op_code_cb_case0xD6
                0x0000000008904b4c                op_code_cb_case0x85
                0x00000000089080b0                op_code_cb_case0x18
                0x000000000890a5d4                op_code_normal_case0xD5
                0x000000000890c764                op_code_normal_case0x32
                0x0000000008904e40                op_code_cb_case0xAC
                0x0000000008907cd0                op_code_cb_case0x2C
                0x00000000089042d4                op_code_cb_case0x6F
                0x0000000008907d74                op_code_cb_case0x29
                0x0000000008907f08                op_code_cb_case0x20
                0x00000000089040cc                op_code_cb_case0x63
                0x00000000089081e4                op_code_cb_case0x12
                0x0000000008903e90                op_code_cb_case0x57
                0x000000000890655c                op_code_normal_case0x27
                0x000000000890db48                op_code_normal_case0x02
                0x0000000008909010                cpu_write
                0x0000000008904adc                op_code_cb_case0x80
                0x0000000008904730                op_code_cb_case0xD1
                0x0000000008909bf0                op_code_normal_case0xF8
                0x000000000890433c                op_code_cb_case0x71
                0x000000000890301c                _memcpy4x
                0x000000000890505c                op_code_normal_case0x47
                0x0000000008907c0c                op_code_cb_case0x39
                0x000000000890cda8                op_code_cb_case0xE6
                0x0000000008904e00                op_code_cb_case0xA9
                0x0000000008904c58                op_code_cb_case0x93
                0x0000000008904064                op_code_cb_case0x61
                0x0000000008907518                op_code_normal_case0x90
                0x00000000089094fc                op_code_cb_case0x66
                0x0000000008907e74                op_code_cb_case0x23
                0x00000000089052ac                op_code_normal_case0x6B
                0x0000000008906d54                op_code_normal_case0xB5
                0x00000000089102d8                op_code_normal_case0x9E
                0x0000000008909abc                op_code_normal_case0x0E
                0x0000000008906e04                op_code_normal_case0xB1
                0x0000000008907bdc                op_code_cb_case0x3A
                0x00000000089045ac                op_code_cb_case0x7F
                0x00000000089051c8                op_code_normal_case0x5D
                0x00000000089096f0                op_code_normal_case0xCB
                0x0000000008905304                op_code_normal_case0x79
                0x00000000089047e0                op_code_cb_case0xDA
                0x0000000008906fa8                op_code_normal_case0xA5
                0x000000000890760c                op_code_normal_case0x8C
                0x000000000890756c                op_code_normal_case0x8F
                0x0000000008903f2c                op_code_cb_case0x5A
                0x0000000008910820                op_code_normal_case0xBE
                0x00000000089046d4                op_code_cb_case0xCC
                0x0000000008908034                op_code_cb_case0x1A
                0x00000000089046a8                op_code_cb_case0xCA
                0x0000000008903ffc                op_code_cb_case0x5F
                0x0000000008904a74                op_code_cb_case0xFB
                0x000000000890e820                op_code_cb_case0xC6
                0x0000000008909ba0                op_code_normal_case0xE6
                0x000000000890460c                op_code_cb_case0xC2
                0x000000000890ca00                op_code_normal_case0x70
                0x000000000890552c                op_code_normal_case0x2B
                0x0000000008904c98                op_code_cb_case0x97
                0x0000000008904d20                op_code_cb_case0x9D
                0x0000000008908308                op_code_cb_case0x0C
                0x0000000008903d24                op_code_cb_case0x4F
                0x00000000089052f0                op_code_normal_case0x78
                0x000000000890a264                op_code_normal_case0xD0
                0x0000000008907714                op_code_normal_case0x89
                0x00000000089070c8                op_code_normal_case0x9F
                0x000000000890ad9c                op_code_normal_case0xCC
                0x0000000008903c88                op_code_cb_case0x4B
                0x000000000890cfe8                op_code_normal_case0xE0
                0x00000000089060a4                cpu_write_direct
                0x0000000008907af0                op_code_cb_case0x30
                0x000000000890440c                op_code_cb_case0x75
                0x0000000008905578                op_code_normal_case0x3F
                0x00000000089092dc                op_code_normal_case0x56
                0x0000000008904b60                op_code_cb_case0x87
                0x00000000089047b4                op_code_cb_case0xD8
                0x0000000008905148                op_code_normal_case0x55
                0x00000000089098f8                op_code_normal_case0xD6
                0x0000000008905464                op_code_normal_case0x39
                0x0000000008905684                cpu_get_ram
                0x000000000890a510                op_code_normal_case0x11
                0x0000000008909390                op_code_normal_case0x3A
                0x000000000890a8bc                op_code_normal_case0xE7
                0x00000000089055b0                op_code_normal_case0x07
                0x00000000089068ac                op_code_normal_case0x0D
                0x000000000890e944                writew
                0x0000000008907930                op_code_normal_case0x81
                0x0000000008911ac4                op_code_normal_case0x5E
                0x0000000008904d90                op_code_cb_case0xA3
                0x0000000008904850                op_code_cb_case0xE0
                0x00000000089100d4                op_code_normal_case0xA6
                0x0000000008903f60                op_code_cb_case0x5B
                0x00000000089074c4                op_code_normal_case0x91
                0x00000000089096a4                readw
                0x00000000089084ec                op_code_cb_case0x02
                0x0000000008903b84                op_code_cb_case0x45
                0x0000000008904aa8                op_code_cb_case0xFD
                0x000000000890525c                op_code_normal_case0x67
                0x0000000008904f78                op_code_cb_case0xBC
                0x000000000890500c                op_code_normal_case0x42
                0x0000000008906994                op_code_normal_case0x2C
                0x0000000008905120                op_code_normal_case0x53
                0x000000000890a630                op_code_normal_case0xFF
                0x000000000890d23c                op_code_cb_case0x3E
                0x000000000890f924                op_code_normal_case0xE1
                0x0000000008907068                op_code_normal_case0xA1
                0x000000000890c2ac                op_code_cb_case0x36
                0x0000000008904cdc                op_code_cb_case0x9A
                0x000000000890495c                op_code_cb_case0xED
                0x000000000890d908                op_code_normal_case0x12
                0x0000000008910e00                op_code_normal_case0xC1
                0x00000000089056d0                cpu_get_clock
                0x0000000008906ea8                op_code_normal_case0xAC
                0x0000000008909c34                op_code_normal_case0x26
                0x0000000008904624                op_code_cb_case0xC3
                0x000000000890ad28                op_code_normal_case0xFA
                0x0000000008906524                op_code_cb_case0x00
                0x0000000008903b1c                op_code_cb_case0x43
                0x0000000008904308                op_code_cb_case0x70
                0x000000000890a478                op_code_normal_case0xDA
                0x000000000890cb1c                op_code_cb_case0x86
                0x00000000089056f4                cpu_get_c_regs
                0x000000000890479c                op_code_cb_case0xD7
                0x0000000008908374                op_code_cb_case0x0A
                0x0000000008903cf0                op_code_cb_case0x4D
                0x0000000008903a80                op_code_cb_case0x40
                0x00000000089049f8                op_code_cb_case0xF5
                0x000000000890a7dc                op_code_normal_case0xD7
                0x0000000008904e84                op_code_cb_case0xB0
                0x000000000890d7e4                op_code_cb_case0xDE
                0x0000000008904be8                op_code_cb_case0x8D
                0x00000000089081a8                op_code_cb_case0x13
                0x0000000008903ec4                op_code_cb_case0x58
                0x00000000089067b4                op_code_normal_case0x25
                0x00000000089080f0                op_code_cb_case0x17
                0x0000000008904af4                op_code_cb_case0x81
                0x0000000008904744                op_code_cb_case0xD2
                0x000000000890532c                op_code_normal_case0x7B
                0x0000000008904fa4                op_code_cb_case0xBF
                0x0000000008904a58                op_code_cb_case0xFA
                0x000000000890aa74                op_code_normal_case0xC7
                0x0000000008904fbc                op_code_cb_case0x01
                0x0000000008903b50                op_code_cb_case0x44
                0x0000000008904544                op_code_cb_case0x7C
                0x0000000008905540                op_code_normal_case0x3B
                0x0000000008907b80                op_code_cb_case0x3C
                0x000000000890a6fc                op_code_normal_case0xF7
                0x0000000008905118                op_code_normal_case0x52
                0x0000000008909de8                op_code_normal_case0xFE
                0x000000000890a410                op_code_normal_case0x21
                0x00000000089050c8                op_code_normal_case0x4D
                0x000000000890e444                cpu_exec
                0x000000000890b2f4                op_code_cb_case0x1E
                0x000000000890eea8                op_code_normal_case0x96
                0x0000000008907f3c                op_code_cb_case0x1F
                0x000000000890d120                op_code_normal_case0x71
                0x0000000008904664                op_code_cb_case0xC7
                0x0000000008902f38                cpu_save_state
                0x00000000089075b4                op_code_normal_case0x8D
                0x0000000008904e14                op_code_cb_case0xAA
                0x0000000008904e2c                op_code_cb_case0xAB
                0x0000000008903044                _memcpy40
                0x0000000008904d4c                op_code_cb_case0xA0
                0x0000000008905298                op_code_normal_case0x6A
                0x00000000089079c8                op_code_cb_case0x37
                0x0000000008906f00                op_code_normal_case0xAA
                0x0000000008907170                op_code_normal_case0x9C
                0x0000000008906f2c                op_code_normal_case0xA9
                0x000000000890569c                cpu_get_stack
                0x0000000008909a78                op_code_normal_case0x18
                0x0000000008903df4                op_code_cb_case0x53
                0x0000000008903cbc                op_code_cb_case0x4C
                0x00000000089045f8                op_code_cb_case0xC1
                0x00000000089054f0                op_code_normal_case0x33
                0x0000000008904578                op_code_cb_case0x7D
                0x000000000890c528                op_code_normal_case0x74
                0x0000000008904204                op_code_cb_case0x6A
                0x0000000008906808                op_code_normal_case0x1D
                0x00000000089051dc                op_code_normal_case0x5F
                0x0000000008906d80                op_code_normal_case0xB4
                0x0000000008907e40                op_code_cb_case0x24
                0x0000000008904168                op_code_cb_case0x67
                0x0000000008904bd0                op_code_cb_case0x8C
                0x0000000008904824                op_code_cb_case0xDD
                0x0000000008906f84                op_code_normal_case0xA7
                0x000000000890a200                op_readw
                0x0000000008907800                op_code_normal_case0x85
                0x0000000008907b54                op_code_cb_case0x3D
                0x0000000008904718                op_code_cb_case0xD0
                0x0000000008907230                op_code_normal_case0x9A
                0x00000000089056e8                cpu_get_halt
                0x0000000008905284                op_code_normal_case0x69
                0x0000000008906764                op_code_normal_case0x2D
                0x0000000008904e9c                op_code_cb_case0xB1
                0x0000000008907290                op_code_normal_case0x99
                0x0000000008909c6c                op_code_normal_case0x20
                0x00000000089056dc                cpu_get_speed
                0x00000000089097c8                op_code_normal_case0x30
                0x000000000890be28                op_code_normal_case0xE2
                0x00000000089054b4                op_code_normal_case0x03
                0x0000000008905070                op_code_normal_case0x48
                0x000000000890b9a8                op_code_cb_case0xB6
                0x00000000089049a0                op_code_cb_case0xF1
                0x0000000008904d34                op_code_cb_case0x9F
                0x0000000008909ee0                op_code_normal_case0x1E
                0x0000000008907ea4                op_code_cb_case0x22
                0x0000000008904d78                op_code_cb_case0xA2
                0x0000000008904134                op_code_cb_case0x65
                0x0000000008910a48                op_code_normal_case0xD1
                0x0000000008908168                op_code_cb_case0x14
                0x0000000008903ef8                op_code_cb_case0x59
                0x0000000008909844                op_code_normal_case0x28
                0x0000000008904a40                op_code_cb_case0xF9
                0x00000000089055d4                op_code_normal_case0x0F
                0x00000000089056b4                cpu_set_ram_bank
                0x0000000008904098                op_code_cb_case0x62
                0x000000000890fed8                op_code_normal_case0xAE
                0x0000000008904d64                op_code_cb_case0xA1
                0x000000000890784c                op_code_normal_case0x84
                0x0000000008906714                op_code_normal_case0x3D
                0x00000000089069d8                op_code_normal_case0x24
                0x000000000890a99c                op_code_normal_case0xD4
                0x00000000089038b8                cpu_restore_state
                0x000000000890a92c                op_code_normal_case0xDF
                0x00000000089079f8                op_code_cb_case0x35
                0x0000000008904e6c                op_code_cb_case0xAF
                0x0000000008904944                op_code_cb_case0xEC
                0x000000000890397c                cpu_irq
                0x000000000890ae74                op_code_normal_case0x08
                0x0000000008904f38                op_code_cb_case0xB9
                0x00000000089049e0                op_code_cb_case0xF4
                0x000000000890b0c0                op_code_normal_case0x77
                0x0000000008905678                cpu_get_vram
                0x0000000008905198                op_code_normal_case0x5A
                0x0000000008904b08                op_code_cb_case0x82
                0x000000000890475c                op_code_cb_case0xD3
                0x00000000089083ac                op_code_cb_case0x09
                0x000000000890508c                op_code_normal_case0x4A
                0x0000000008905020                op_code_normal_case0x43
                0x0000000008906ed4                op_code_normal_case0xAB
                0x0000000008904cb0                op_code_cb_case0x98
                0x000000000890b5cc                op_code_cb_case0x0E
                0x0000000008907e10                op_code_cb_case0x25
                0x000000000890419c                op_code_cb_case0x68
                0x0000000008905f4c                cpu_write_direct_ord
                0x00000000089046ec                op_code_cb_case0xCD
                0x000000000890974c                op_code_normal_case0x38
                0x0000000008907038                op_code_normal_case0xA2
                0x000000000890935c                op_code_normal_case0xF2
                0x000000000890dd88                op_code_normal_case0xF5
                0x0000000008905658                op_code_normal_case0xE9
                0x0000000008904dbc                op_code_cb_case0xA5
                0x000000000890487c                op_code_cb_case0xE2
                0x0000000008905134                op_code_normal_case0x54
                0x000000000890b460                op_code_cb_case0x16
                0x00000000089052dc                op_code_normal_case0x6F
                0x0000000008904b34                op_code_cb_case0x84
                0x0000000008904788                op_code_cb_case0xD5
                0x0000000008906c94                op_code_normal_case0xB9
                0x0000000008903dc0                op_code_cb_case0x52
                0x000000000890e6ec                op_code_normal_case0x36
                0x00000000089085e4                op_code_normal_case0xFB
                0x0000000008905368                op_code_normal_case0x7F
                0x0000000008904370                op_code_cb_case0x72
                0x00000000089094b0                op_code_cb_case0x6E
                0x0000000008907d08                op_code_cb_case0x2B
                0x000000000890776c                op_code_normal_case0x88
 .text          0x0000000008911c90     0x4184 gbcore/gb.o
                0x0000000008911f14                gb_run
                0x0000000008911e98                gb_init
                0x000000000891239c                gb_restore_state
                0x0000000008911cb8                gb_unhook_extport
                0x0000000008911cc4                gb_set_skip
                0x0000000008911ccc                gb_refresh_pal
                0x0000000008911db0                gb_fill_vframe
                0x0000000008914094                gb_save_state
                0x0000000008911cd4                exiting_lcdc
                0x0000000008911c90                gb_hook_extport
                0x0000000008911dc4                gb_reset
 .text          0x0000000008915e14     0x3310 gbcore/lcd.o
                0x0000000008916000                set_ztbl
                0x0000000008916b24                sgb_invalidate_color
                0x0000000008916ae8                lcd_get_pal
                0x00000000089176a4                lcd_bg_render_colored
                0x0000000008916ad8                lcd_clear_win_count
                0x0000000008916b48                sgb_set_color
                0x000000000891833c                lcd_win_render
                0x00000000089160c8                lcd_sprite_render
                0x0000000008916b9c                gb_invalidate_all_colors
                0x00000000089171d4                tilePalReinit
                0x0000000008915f00                dattrans2n
                0x00000000089186b0                lcd_bg_render
                0x0000000008916afc                gbc_invalidate_color
                0x0000000008915e40                lcd_get_enable
                0x0000000008917100                tileMapGetVramChecksum
                0x000000000891721c                lcd_init
                0x0000000008916b7c                gb_invalidate_palette
                0x0000000008915e14                lcd_set_mpal
                0x0000000008915e20                lcd_get_mpal
                0x0000000008918ae0                lcd_render
                0x0000000008916660                lcd_sprite_render_color
                0x0000000008915e54                lcd_reset
                0x0000000008917eb4                lcd_bg_render_color
                0x0000000008916c24                lcd_sprite_render_colored
                0x0000000008915e2c                lcd_set_enable
                0x00000000089172fc                lcd_win_render_colored
                0x0000000008917aec                lcd_win_render_color
                0x00000000089171a4                tilePalInit
 .text          0x0000000008919124     0x1930 gbcore/mbc.o
                0x0000000008919270                mbc_get_state
                0x000000000891963c                mbc_reset
                0x0000000008919db4                mbc_mbc7_write
                0x0000000008919a90                mbc_mbc2_write
                0x0000000008919874                mbc_mmm01_write
                0x000000000891a028                mbc_mbc3_write
                0x0000000008919474                mbc_ext_read
                0x000000000891a81c                mbc_init
                0x000000000891a3e8                mbc_ext_write
                0x000000000891912c                mbc_set_write
                0x000000000891a3b4                mbc_set_page
                0x0000000008919384                mbc_set_state
                0x0000000008919e9c                mbc_mbc5_write
                0x0000000008919124                mbc_read
                0x0000000008919464                mbc_nop
                0x000000000891946c                mbc_tama5_write
                0x000000000891a1f4                mbc_mbc1_write
                0x0000000008919bd0                mbc_huc1_write
                0x0000000008919ad4                mbc_huc3_write
 .text          0x000000000891aa54      0x250 gbcore/rom.o
                0x000000000891aad4                rom_set_first
                0x000000000891aac8                rom_get_loaded
                0x000000000891aaf0                rom_load_rom
                0x000000000891aaa4                rom_get_sram_size
                0x000000000891aa54                rom_init
                0x000000000891aa70                rom_has_battery
 .text          0x000000000891aca4     0x8e30 gbcore/sgb.o
                0x00000000089203a4                sgb_sound_transfer
                0x0000000008920500                sgb_pct_trn
                0x000000000891c9c8                sgb_setATF
                0x000000000891ca6c                sgb_reset
                0x0000000008921610                sgb_execute_command
                0x000000000891cd08                sgb_render_screen
                0x000000000891dfb4                set_palette
                0x000000000891bb60                sgb_multiplayer_req
                0x000000000891f084                sgb_chr_trn
                0x000000000891cd00                sgb_init
                0x000000000891aca4                sgb_draw_border_tile
                0x000000000891c584                sgb_attribute_line
                0x000000000891bbf8                sgb_attribute_block
                0x000000000891ce64                copy_palette
                0x000000000891c674                sgb_attribute_divide
                0x00000000089237bc                sgb_transfer
                0x000000000891d0b8                sgb_render_border
                0x0000000008920214                init_mem_palette
                0x000000000891c534                sgb_SetRowPalette
                0x000000000891bb4c                sgb_reset_state
                0x000000000891c4f0                sgb_SetColumnPalette
                0x000000000891c834                sgb_attribute_character
                0x0000000008920074                sgb_set_ATFlist
 .text          0x0000000008923ad4    0x227cc cpu/z80.o
                0x000000000892bd74                z80_get_elapsed_cycles
                0x000000000892bb08                z80_get_cycle_table
                0x000000000892bdb4                z80_exit
                0x000000000892ba48                z80_get_context
                0x000000000893d798                z80_set_irq_line
                0x000000000892be10                z80_reset
                0x000000000892bd5c                z80_set_irq_callback
                0x000000000892bb54                z80_get_reg
                0x000000000892bd68                z80_reset_cycle_count
                0x0000000008940f78                z80_execute
                0x000000000892bf14                z80_init
                0x000000000892bb30                z80_set_cycle_table
                0x000000000893d928                z80_set_reg
                0x000000000892baa8                z80_set_context
                0x000000000892b9d0                z80_burn
 .text          0x00000000089462a0      0x680 memz80.o
                0x00000000089464f8                z80_read_unmapped
                0x00000000089463ec                smsj_port_w
                0x0000000008946888                sms_port_r
                0x0000000008946490                sms_port_w
                0x000000000894661c                ggms_port_r
                0x0000000008946370                gg_port_w
                0x00000000089467bc                smsj_port_r
                0x00000000089466e0                gg_port_r
                0x000000000894655c                md_port_r
                0x00000000089462ac                md_port_w
                0x0000000008946308                ggms_port_w
                0x00000000089462a0                memctrl_w
 .text          0x0000000008946920      0x640 pio.o
                0x0000000008946940                ioctrl_w
                0x0000000008946a80                sio_r
                0x0000000008946c1c                sio_w
                0x0000000008946978                pio_reset
                0x00000000089469a4                pio_init
                0x0000000008946a78                device_r
                0x0000000008946928                system_assign_device
                0x0000000008946c88                input_r
                0x0000000008946920                pio_shutdown
 .text          0x0000000008946f60      0xb44 vdp.o
                0x00000000089472d8                vdp_reg_w
                0x0000000008946f68                viewport_check
                0x0000000008947228                vdp_read
                0x00000000089473a8                tms_write
                0x00000000089479e0                vdp_reset
                0x00000000089474ec                md_vdp_write
                0x0000000008947678                gg_vdp_write
                0x0000000008946f60                vdp_shutdown
                0x0000000008947848                vdp_write
                0x000000000894714c                vdp_counter_r
                0x0000000008947a9c                vdp_init
 .text          0x0000000008947aa4     0x1064 render.o
                0x00000000089482ac                palette_sync
                0x0000000008948080                update_bg_pattern_cache
                0x0000000008948400                render_line
                0x00000000089487b4                render_bg_sms
                0x0000000008947b50                render_obj_sms_nospritelimit
                0x0000000008947b14                render_shutdown
                0x0000000008947dd0                render_obj_sms
                0x0000000008947b1c                pspSetObjRenderingRoutine
                0x0000000008948624                render_init
                0x0000000008947aa4                set_tms_palette
                0x000000000894822c                remap_8_to_16
                0x000000000894856c                render_reset
 .text          0x0000000008948b08      0x684 sms.o
                0x0000000008948d40                writemem_mapper_codies
                0x0000000008948dc0                writemem_mapper_sega
                0x0000000008948b38                sms_mapper_w
                0x0000000008948f64                sms_init
                0x0000000008948e08                sms_irq_callback
                0x0000000008948b30                sms_shutdown
                0x0000000008948e10                sms_reset
                0x0000000008948b08                writemem_mapper_none
 .text          0x000000000894918c      0x364 system.o
                0x0000000008949250                system_init
                0x0000000008949214                system_shutdown
                0x000000000894920c                system_poweron
                0x000000000894929c                system_frame
                0x000000000894918c                system_reset
 .text          0x00000000089494f0      0x914 sound/sound.o
                0x0000000008949810                sound_shutdown
                0x000000000894958c                stream_update
                0x00000000089497d8                sound_reset
                0x0000000008949620                sound_update
                0x00000000089498dc                sound_update_ex
                0x00000000089495ac                fmunit_write
                0x00000000089499d0                sound_init
                0x0000000008949534                sound_mixer_callback
                0x00000000089495a0                fmunit_detect_w
                0x0000000008949730                sound_update_gb
                0x0000000008949dd4                sound_change
                0x00000000089495d8                psg_write
                0x0000000008949594                fmunit_detect_r
                0x00000000089495fc                psg_stereo_w
                0x00000000089494f0                mix
 .text          0x0000000008949e04      0xb44 sound/sn76489.o
                0x000000000894a02c                SN76489_Update
                0x0000000008949efc                SN76489_GetContextSize
                0x000000000894a7e0                SN76489_SetContext
                0x0000000008949eb4                SN76489_Config
                0x000000000894a00c                SN76489_GGStereoWrite
                0x000000000894a864                SN76489_Init
                0x0000000008949ee0                SN76489_GetContextPtr
                0x0000000008949eac                SN76489_Shutdown
                0x0000000008949f04                SN76489_Write
                0x0000000008949e04                SN76489_Reset
                0x000000000894a75c                SN76489_GetContext
 .text          0x000000000894a948     0xce5c sound/emu2413.o
                0x0000000008951460                OPLL_new
                0x000000000894ac4c                OPLL_setClock
                0x000000000894b21c                OPLL_setMask
                0x000000000894a948                dump2patch
                0x0000000008950a08                OPLL_reset_patch
                0x0000000008954ca4                OPLL_calc
                0x0000000008950200                OPLL_write
                0x0000000008950aa8                OPLL_copyPatch
                0x0000000008950af0                OPLL_reset
                0x000000000894aa70                OPLL_forceRefresh
                0x000000000894b250                OPLL_writeReg
                0x000000000894b214                OPLL_close
                0x00000000089501cc                OPLL_writeIO
                0x000000000895021c                OPLL_init
                0x000000000894b234                OPLL_toggleMask
                0x00000000089513d0                OPLL_delete
                0x0000000008951ff4                OPLL_update
 .text          0x00000000089577a4     0x390c sound/ym2413.o
                0x0000000008959abc                YM2413UpdateOne
                0x00000000089577f4                YM2413Shutdown
                0x00000000089577a4                YM2413Read
                0x00000000089577d4                YM2413SetUpdateHandler
                0x0000000008959258                YM2413Init
                0x000000000895999c                YM2413ResetChip
                0x00000000089591dc                YM2413Write
 .text          0x000000000895b0b0      0x928 sound/fmintf.o
                0x000000000895b1ac                FM_Update
                0x000000000895b0c4                FM_GetContext
                0x000000000895b2c4                FM_Init
                0x000000000895b0b8                FM_GetContextPtr
                0x000000000895b0b0                FM_GetContextSize
                0x000000000895b258                FM_Shutdown
                0x000000000895b12c                FM_Write
                0x000000000895b35c                FM_SetContext
                0x000000000895b1f0                FM_Reset
                0x000000000895b8cc                FM_WriteReg
 .text          0x000000000895b9d8      0x774 psp/gameboy_render.o
                0x000000000895bde8                gbe_getTime
                0x000000000895ba78                set_gb_type
                0x000000000895b9d8                gbe_reset
                0x000000000895ba40                gbe_refresh
                0x000000000895b9f8                gbe_setBibrate
                0x000000000895bc38                gbe_setTime
                0x000000000895bf3c                gbe_updatePad
                0x000000000895ba00                gbe_getSensor
                0x000000000895c124                gbe_init
                0x000000000895ba28                renderer_get_timer_state
                0x000000000895ba34                renderer_set_timer_state
 .text          0x000000000895c14c     0x1b74 psp/VideoGu.o
                0x000000000895c644                VideoGuScreenClear
                0x000000000895d8a8                VideoGuUpdate
                0x000000000895d930                MAKE_COLOR
                0x000000000895cbc4                pspScaleImage_core
                0x000000000895d3c4                VideoGuUpdate_Core
                0x000000000895c690                DisplayBenchmark
                0x000000000895c550                RecolorPalette
                0x000000000895c7a4                VideoGuTerm
                0x000000000895c7ac                VideoGuInit
                0x000000000895c2a0                HSLToRGB
                0x000000000895c880                RecolorPaletteVibrance
                0x000000000895c3d8                RecolorPaletteGray
                0x000000000895c14c                RGBToHSL
 .text          0x000000000895dcc0      0x31c psp/Controls.o
                0x000000000895dcc8                MiscUpdate
                0x000000000895dcc0                ControlsTerm
                0x000000000895dd2c                ControlsInit
                0x000000000895dd4c                ControlsUpdate
                0x000000000895dcd0                ControlsShowMenu
 .text          0x000000000895dfdc      0x9dc psp/PspSound.o
                0x000000000895e004                SoundUpdate
                0x000000000895dfdc                SoundTerm
                0x000000000895e0bc                SoundResample
                0x000000000895e0b0                SoundResume
                0x000000000895e0a0                SoundPause
                0x000000000895e1d0                AudioGet
                0x000000000895e158                SoundWaitTerm
                0x000000000895e8a4                SoundInit
 .text          0x000000000895e9b8     0x142c psp/SMS.o
                0x000000000895f7c8                MenuPlusAction
                0x000000000895f334                machine_frame
                0x000000000895f7a4                machine_poweroff
                0x000000000895f2a8                gb_save_sram
                0x000000000895e9b8                SmsInit
                0x000000000895e9c8                gb_doFrame
                0x000000000895f38c                machine_manage_sram
                0x000000000895e9f4                machine_reset
                0x000000000895f89c                SmsTerm
                0x000000000895ea60                MenuOptionsConfigure
                0x000000000895f214                gb_load_sram
                0x000000000895f968                SmsEmulate
 .text          0x000000000895fde4       0x8c psp/main.o
                0x000000000895fde4                main
 .text          0x000000000895fe70     0xd8e0 psp/menuplus.o
                0x000000000896a2c0                fctMainVideoCountry
                0x0000000008961314                LoadDefaultMachineConfig
                0x000000000896b220                menuPlusShowMenu
                0x000000000896a210                fctMainSoundStereo
                0x00000000089689f8                MessageBoxTemp
                0x00000000089650e0                pspLoadState
                0x000000000896a270                fctMainVideoVSync
                0x0000000008962234                FctImgBack
                0x0000000008960e0c                menuSetStatusBarMessageIndirect
                0x0000000008967e34                fctMsgBoxSaveConfig_Handle
                0x00000000089619c4                fctMainFileSram
                0x00000000089691f0                HandleBackground
                0x0000000008963e48                RangeSetSubMenuValueInt
                0x000000000896a020                fctMainVideoVibrance
                0x0000000008960310                adapteAnglef
                0x000000000896a060                fctMainFileSramAutosave
                0x0000000008960358                menuGetMenuKeys
                0x0000000008966df0                HandleSubMenu
                0x0000000008960590                GetJustFileName
                0x000000000896d490                fctMainFileStateDelete
                0x000000000896357c                DrawWindow
                0x000000000896a200                fctMainSoundBoost
                0x0000000008963dbc                fctMainCtrlAnalogCalibration
                0x000000000896892c                MessageBoxEx
                0x0000000008960a34                SubMenuItemPositionSelected
                0x0000000008960960                fctMenuMainSound
                0x00000000089622bc                menuSoundShowDisplay
                0x0000000008962fb4                DrawWindowBox
                0x000000000895feac                safe_strcat
                0x00000000089605e0                safe_strcpy_offset
                0x000000000896a230                fctMainSoundEnabled
                0x0000000008960488                menuGetMenuKey
                0x0000000008960200                GetStringWidth
                0x0000000008960e70                CloseSubMenu
                0x0000000008962570                DrawHint
                0x0000000008960b18                CreateDigitsFromStr
                0x0000000008961d3c                machine_load_state
                0x000000000896d060                fctMenuMainFile
                0x0000000008960540                menuHandleStatusMessage
                0x000000000896a000                fctMenuMainVideoRenderLeftBar
                0x00000000089604dc                menuDisplayStatusMessage
                0x0000000008960950                fctMsgBoxAbout_Close
                0x0000000008960c60                SelectSubMenu
                0x000000000896a0b0                fctMainCtrlAnalogToDPad
                0x000000000896a090                fctMainCtrlRedefineAutofireRate
                0x00000000089666b4                menuStandardVblank
                0x0000000008964d10                menuDrawIcons
                0x00000000089665f0                DrawChoice
                0x000000000896a2b0                fctMainVideoScaling
                0x0000000008965248                DoesSlotExists
                0x00000000089632fc                MyDrawGradientRect
                0x0000000008969ff0                fctMenuMainVideoRenderSpriteLimit
                0x0000000008960970                GetSubMenuItemByInt
                0x0000000008961228                SetSubMenuItemValueByInt
                0x0000000008960de0                menuSetStatusBarMessageDirect
                0x00000000089626cc                DrawBackground
                0x000000000896c65c                menuTakeScreenshot
                0x0000000008961e0c                FctImgNumbers
                0x0000000008961020                fctMsgBoxSaveConfig_Close
                0x000000000896a0c0                fctMainFileStateLoad
                0x000000000896a040                fctMenuMainFileMusicRepeat
                0x0000000008960efc                InitChoice
                0x0000000008965624                HandleWindow
                0x0000000008961380                LoadUserDefaultConfig
                0x00000000089695c8                ShowMenuJoystickCalibration
                0x0000000008961540                DrawDigitScroll
                0x0000000008968070                MyReadKeys
                0x0000000008961480                SaveUserDefaultConfig
                0x0000000008968014                HandleChoice
                0x0000000008960ec8                HandleHint
                0x0000000008961070                mySetScreenClipping
                0x00000000089622b4                MyDrawRect
                0x0000000008960244                mod
                0x0000000008961c30                makeDir
                0x0000000008961fe4                FctFtStandard
                0x0000000008969d00                GestionEventStandardInt
                0x0000000008960a24                SelectSubMenuItemPosition
                0x00000000089645d8                fctMsgBoxAbout_Handle
                0x0000000008962fac                MyDrawFillRect
                0x0000000008960f3c                CloseWindow
                0x0000000008962064                loadBackgroundImage
                0x00000000089609bc                SelectSubMenuItemPositionByValueInt
                0x000000000896a2f0                menuRedefineGetNewKey
                0x0000000008965540                fctMsgBoxTemp_Handle
                0x000000000896a290                fctMainVideoFrameskip
                0x0000000008969fe0                fctMenuMainVideoSyncMode
                0x000000000896a1f0                fctMainSoundTurboSound
                0x00000000089652e4                CheckFichierPalette
                0x00000000089657d0                fctMsgBoxReloadConfig
                0x00000000089601b8                PushAlpha
                0x00000000089619f8                CreeImageBord
                0x0000000008960f98                MessageBox_DefineButtons
                0x0000000008969fb0                fctMainSmsTweakZ80
                0x000000000896026c                mod_f
                0x0000000008963c7c                menuDrawImageSmallFloat
                0x0000000008963304                MySetTextColorEx
                0x0000000008960ebc                InitHint
                0x000000000896b03c                pspSaveState
                0x00000000089601dc                PopAlpha
                0x000000000895fe70                safe_strcpy
                0x000000000896a2d0                fctMainMiscPspClock
                0x000000000896a2e0                fctMainMiscPspClockNumeric
                0x0000000008961018                fctMsgBoxReloadConfig_Close
                0x0000000008960fec                InitMenus
                0x000000000896a070                fctMainCtrlAnalogCalibrationEnabled
                0x0000000008968aec                fctMenuMainMisc
                0x000000000895ff04                GetTextBoxHeight
                0x000000000896a500                fctMainCtrlShortcuts
                0x0000000008969fc0                fctMenuMainVideoGBType
                0x0000000008960638                menuGetKeyName
                0x000000000896a280                fctMainVideoFrameskipMax
                0x000000000896a010                fctMenuMainVideoRenderDepth
                0x0000000008960028                menuKeysAnalogApply
                0x000000000896a220                fctMainSoundRate
                0x0000000008961c0c                fileExists
                0x0000000008960968                fctMenuMainCtrl
                0x0000000008960a54                SubMenuItemPositionCanceled
                0x0000000008961eb8                FctImgIcons
                0x0000000008961af4                menuLoadFilesMin
                0x000000000896c920                ControlsMenuUpdate
                0x0000000008966c1c                FillExistingSlots
                0x0000000008965a7c                DrawSubMenu
                0x0000000008960fe4                fctMsgBoxTemp_Close
                0x000000000896d310                fctMainFileStateSave
                0x00000000089616a4                InitConfig
                0x000000000896a260                fctMainMiscUIBackground
                0x000000000896885c                MessageBoxAsync
                0x0000000008961d6c                extractFilePath
                0x0000000008960f0c                CloseChoice
                0x0000000008961028                menuDrawStatusMessage
                0x0000000008960bfc                GetIntFromDigits
                0x0000000008963e0c                mySetScreenClippingEx
                0x000000000896a2a0                fctMainVideoSmoothing
                0x0000000008964f2c                pspGetStateNameEx
                0x0000000008960da4                fadeInit
                0x0000000008961f64                FctFtGlow
                0x00000000089634cc                MySetTextColor
                0x000000000896a250                fctMainVideoGamma
                0x000000000896212c                menuLoadFiles
                0x000000000896a050                fctMenuMainFileMusicFrequency
                0x00000000089655b4                DestroyWindow
                0x0000000008969fd0                fctMenuMainVideoGBColorization
                0x0000000008961bc4                fctMenuMainVideoGB
                0x000000000896a030                fctMenuMainVideoBrightnessMode
                0x0000000008968524                ShowWindow
                0x00000000089602d8                rangeAnglef
                0x000000000896108c                SetTurbo
                0x0000000008961cbc                OuvreFichierPalette
                0x0000000008964038                UpdateMenus
                0x0000000008960958                fctMenuMainState
                0x0000000008963aa8                DrawBackgroundAfter
                0x0000000008969c40                BatteryWarning
                0x0000000008963d34                fctMainFileMusic
                0x0000000008961c8c                machine_save_state
                0x00000000089614b8                SaveUserDefaultConfigSpecific
                0x000000000896a240                fctMainVideoCpuTime
                0x00000000089613c8                menuUsbUpdate
                0x000000000896a1e0                fctMainSoundSyncMode
                0x000000000896aba4                fctMainCtrlRedefine
                0x00000000089650c8                pspGetStateName
                0x000000000896a080                fctMainCtrlAnalogTreshold
                0x00000000089611dc                fctMainMiscCommands
                0x0000000008960948                fctMenuMainVideo
                0x0000000008968e84                fctMsgBoxSaveConfig
                0x000000000896a0a0                fctMainVideoTurboSkip
                0x00000000089619f0                MyDrawLine
                0x0000000008967f24                fctMsgBoxReloadConfig_Handle
                0x0000000008960a74                CreateDigitsFromInt
 .text          0x000000000896d750     0x2b64 psp/menuplus2.o
                0x000000000896d990                fctPaletteList
                0x000000000896d79c                SJISCopy
                0x000000000896ede4                AddToMyPlaces
                0x000000000896e428                SaveMyPlacesFile
                0x000000000896f008                ShowMenuFileSelect
                0x000000000896e5e0                myPlacesRealloc
                0x000000000896e11c                menuFileSelectFillMyPlace
                0x000000000896df38                fctMsgBoxChoice_Handle
                0x000000000896d83c                getSmallFileName
                0x000000000896e020                RemoveMyPlacesEntry
                0x000000000896e86c                menuFileSelectSortFiles
                0x000000000896da08                fctMsgBoxChoice
                0x000000000896d89c                fctMsgBoxChoice_Close
                0x000000000896dd48                menuShowPaletteList
                0x000000000896ff08                LoadMyPlacesFile
                0x000000000896d750                fctMenuFileSelect
                0x000000000896dab8                ShowChoiceMsgBoxEx
                0x000000000896ddbc                ShowChoiceMsgBox
                0x000000000896d938                InitMyPlacesBase
                0x000000000896ebd4                menuFileSelectFillFiles
                0x000000000896da78                fctMsgBoxChoice_Destroy
                0x000000000896d8b0                SetMyPlacesEntry
                0x000000000896e6bc                menuFileItemCompare
                0x000000000896e38c                getExtId
 .text          0x00000000089702b4     0x3d08 psp/config.o
                0x0000000008971fec                FctColorIt_AddTileRule
                0x00000000089703cc                ScriptBegin
                0x0000000008973ea8                FctGoto
                0x0000000008970b2c                ScriptAjouteProcedures
                0x000000000897395c                FctMsgBox
                0x0000000008970590                GetChaine
                0x00000000089721f4                FctColorIt_SetPalette
                0x000000000897069c                TrouveIdentificateur
                0x00000000089703d4                atox
                0x00000000089702c8                GetAddedColor
                0x0000000008972750                ExecScript
                0x0000000008970da8                ScriptEnd
                0x00000000089719cc                FctTabMenuColCursor
                0x000000000897038c                getOffsetedAddr
                0x0000000008971654                GetVariableAddress
                0x0000000008970730                ScriptError
                0x00000000089702b4                FctFin
                0x0000000008971e84                FctColorIt_AddTileCrc
                0x000000000897256c                SetVariableValue
                0x00000000089711c4                ScriptSave
                0x0000000008973554                OuvreFichierConfig
                0x0000000008973c20                FctFaire
                0x0000000008971c1c                FctColorIt_SetTile
                0x00000000089704fc                ProchArgEntier
                0x0000000008970764                GetVariableValue
                0x00000000089712c4                GetEntier
                0x0000000008970330                strlwrmixcmp
                0x0000000008970a0c                ScriptAjouteProcedures_Add
                0x000000000897238c                FctPalette
                0x0000000008970470                atob
                0x0000000008970db0                ScriptSave_Core
                0x00000000089735c0                FctColorIt_SetTilesetData
                0x0000000008971278                FctMusicFilename
 .text          0x0000000008973fbc      0x254 psp/usb.o
                0x0000000008973fc4                oslDeinitUsbStorage
                0x0000000008973fbc                oslStopUsbStorage
                0x0000000008974054                oslLoadStartModule
                0x000000000897404c                oslStartUsbStorage
                0x00000000089740b4                oslInitUsbStorage
 .text          0x0000000008974210     0x166c psp/sound.o
                0x00000000089742c8                FillBuffer44100(int)
                0x00000000089753ac                menuMusicNextTrack
                0x0000000008974338                menuMusicPause
                0x0000000008974508                StandardSoundProcess
                0x0000000008974eb0                menuPlayZipSound
                0x0000000008974440                menuMusicStop
                0x000000000897449c                ramAvailableLineareMax()
                0x0000000008975580                menuMusicPlay
                0x0000000008974d64                ramAvailable
                0x0000000008975778                MenuSpecialMessageDisplay
                0x0000000008974210                fctMsgBoxSpeaker_Handle(WINDOW*, int)
                0x00000000089749e8                menuPlaySoundEx(CFILE*)
                0x00000000089756a4                fctMsgBoxSpeaker_Close(WINDOW*, int)
                0x00000000089753b8                menuMusicPrevTrack
                0x00000000089754dc                menuStartSound
                0x0000000008974654                gymThread(unsigned int, void*)
                0x0000000008975488                soundStandardVblank
                0x00000000089751e4                menuMusicBrowseTrack(int, int)
                0x0000000008974218                FillBufferArbitrary(int)
 .text          0x000000000897587c      0x2ec fileio.o
                0x0000000008975984                loadFromZipByName
                0x000000000897587c                getFileNameExtension
                0x0000000008975918                check_zip
                0x00000000089758a4                gzsize
 .text          0x0000000008975b68      0x684 state.o
                0x0000000008975b68                system_load_state
                0x0000000008975f78                system_save_state
 .text          0x00000000089761ec      0x358 loadrom.o
                0x00000000089761ec                load_rom
 .text          0x0000000008976544      0x158 unzip/ioapi.o
                0x00000000089765b4                fseek_file_func
                0x0000000008976624                fread_file_func
                0x00000000089765ac                fclose_file_func
                0x0000000008976550                fill_fopen_filefunc
                0x0000000008976608                ftell_file_func
                0x0000000008976544                ferror_file_func
                0x0000000008976610                fwrite_file_func
                0x0000000008976638                fopen_file_func
 .text          0x000000000897669c     0x1a70 unzip/unzip.o
                0x0000000008977ae0                unzOpenCurrentFilePassword
                0x0000000008977278                unzReadCurrentFile
                0x0000000008976f14                unzGoToFilePos
                0x0000000008977f84                unzLocateFile
                0x000000000897755c                unzOpenCurrentFile3
                0x0000000008976dd4                unzGoToFirstFile
                0x0000000008977af4                unzOpenCurrentFile
                0x0000000008977ad8                unzOpenCurrentFile2
                0x000000000897691c                unzGetGlobalInfo
                0x0000000008976fd8                unzGetLocalExtrafield
                0x0000000008976d90                unzGetCurrentFileInfo
                0x0000000008976edc                unzGetFilePos
                0x0000000008976e3c                unzGoToNextFile
                0x0000000008977170                unzCloseCurrentFile
                0x0000000008976fb0                unzeof
                0x000000000897709c                unzGetGlobalComment
                0x0000000008976f8c                unztell
                0x0000000008977b08                unzOpen2
                0x0000000008977ed8                unzStringFileNameCompare
                0x0000000008977220                unzClose
                0x0000000008977ed0                unzOpen
 .text          0x000000000897810c     0x1924 psp/gym/gym.o
                0x0000000008978ae8                CODEC_GYM::input_gym::~input_gym()
                0x00000000089791dc                CODEC_GYM::input_gym::open_file(CFILE*, SONGINFO*, unsigned int)
                0x0000000008978a28                CODEC_GYM::input_gym::reset()
                0x0000000008978604                CODEC_GYM::decomp_dac(unsigned char*, unsigned long, unsigned char*, unsigned long)
                0x0000000008978130                CODEC_GYM::input_gym::construct()
                0x000000000897810c                CODEC_GYM::input_gym::set_frequency(int)
                0x0000000008978c9c                CODEC_GYM::input_gym::load_ezpk_gym(void*)
                0x00000000089788f4                CODEC_GYM::input_gym::input_gym()
                0x000000000897815c                CODEC_GYM::input_gym::seek(float)
                0x0000000008978984                CODEC_GYM::input_gym::~input_gym()
                0x0000000008978b8c                CODEC_GYM::input_gym::load_zlib_gym(void*)
                0x00000000089787a0                CODEC_GYM::input_gym::get_samples_pcm(void**, int*, int*, int*, int*)
                0x0000000008978368                CODEC_GYM::input_gym::calc_gym_time_length(SONGINFO*)
                0x0000000008978590                CODEC_GYM::input_gym::destruct()
                0x0000000008979714                CODEC_GYM::input_gym::open(CFILE*, SONGINFO*, unsigned int)
                0x000000000897893c                CODEC_GYM::input_gym::input_gym()
 .text._ZN9CODEC_GYM9input_gym13test_filenameEPKcS2_
                0x0000000008979a30       0x28 psp/gym/gym.o
                0x0000000008979a30                CODEC_GYM::input_gym::test_filename(char const*, char const*)
 .text._ZN9CODEC_GYM9input_gym19is_our_content_typeEPKcS2_
                0x0000000008979a58       0x28 psp/gym/gym.o
                0x0000000008979a58                CODEC_GYM::input_gym::is_our_content_type(char const*, char const*)
 .text          0x0000000008979a80      0x740 psp/gym/gym_play.o
                0x0000000008979b10                Write_Sound_Stereo(short*, int)
                0x0000000008979fc0                Start_Play_GYM
                0x0000000008979a88                jump_gym_time_pos
                0x0000000008979be0                GYM_Next(unsigned char*, unsigned char*, unsigned int, unsigned int)
                0x0000000008979a80                Update_GYM_Dump
                0x000000000897a0a8                Play_GYM
 .text          0x000000000897a1c0     0x142c psp/gym/psg.o
                0x000000000897ac94                PSG_Init
                0x000000000897ab8c                PSG_Restore_State
                0x000000000897a1c0                PSG_Update_SIN
                0x000000000897a6bc                PSG_Special_Update
                0x000000000897a94c                PSG_Write
                0x000000000897a3d4                PSG_Update
                0x000000000897a668                PSG_Save_State
 .text          0x000000000897b5ec    0x11344 psp/gym/ym2612.o
                0x000000000897ca58                Update_Chan_Algo3
                0x000000000897b980                Env_NULL_Next
                0x000000000897b988                Env_Attack_Next
                0x000000000897b5ec                CALC_FINC_SL
                0x0000000008984b10                Update_Chan_Algo0_LFO_Int
                0x000000000897ba4c                Env_Release_Next
                0x00000000089884a8                YM2612_End
                0x000000000898bd8c                YM2612_Restore
                0x000000000897b6c8                KEY_ON
                0x000000000897cfa8                Update_Chan_Algo4
                0x0000000008983890                Update_Chan_Algo5_Int
                0x0000000008986038                Update_Chan_Algo3_LFO_Int
                0x0000000008981b28                Update_Chan_Algo0_Int
                0x0000000008980da0                Update_Chan_Algo6_LFO
                0x000000000898be1c                YM2612_Init
                0x000000000897f31c                Update_Chan_Algo2_LFO
                0x000000000897d538                Update_Chan_Algo5
                0x000000000898000c                Update_Chan_Algo4_LFO
                0x000000000897ba64                Update_Chan_Algo0
                0x000000000897e078                Update_Chan_Algo7
                0x00000000089826d8                Update_Chan_Algo2_Int
                0x000000000897c508                Update_Chan_Algo2
                0x0000000008987d4c                Update_Chan_Algo7_LFO_Int
                0x000000000897b7dc                CSM_Key_Control
                0x0000000008982100                Update_Chan_Algo1_Int
                0x000000000898a724                YM2612_Special_Update
                0x0000000008986e90                Update_Chan_Algo5_LFO_Int
                0x000000000898bb20                YM2612_Reset
                0x000000000897b9d0                Env_Substain_Next
                0x000000000898abc0                YM_SET
                0x0000000008986744                Update_Chan_Algo4_LFO_Int
                0x0000000008985220                Update_Chan_Algo1_LFO_Int
                0x0000000008982ca8                Update_Chan_Algo3_Int
                0x000000000897bfb8                Update_Chan_Algo1
                0x0000000008983ec4                Update_Chan_Algo6_Int
                0x000000000898592c                Update_Chan_Algo2_LFO_Int
                0x00000000089884b0                YM2612_Read
                0x000000000898b280                CHANNEL_SET
                0x0000000008981460                Update_Chan_Algo7_LFO
                0x00000000089884bc                YM2612_Save
                0x000000000897eca4                Update_Chan_Algo1_LFO
                0x000000000897f994                Update_Chan_Algo3_LFO
                0x0000000008983278                Update_Chan_Algo4_Int
                0x00000000089875f8                Update_Chan_Algo6_LFO_Int
                0x0000000008988b38                YM2612_Update
                0x00000000089887b4                CALC_FINC_CH
                0x000000000897e61c                Update_Chan_Algo0_LFO
                0x000000000897b9ac                Env_Decay_Next
                0x000000000897dae0                Update_Chan_Algo6
                0x00000000089844e8                Update_Chan_Algo7_Int
                0x00000000089806c4                Update_Chan_Algo5_LFO
                0x00000000089884f0                YM2612_DacAndTimers_Update
                0x000000000898a7cc                SLOT_SET
                0x000000000898b8dc                YM2612_Write
                0x000000000897b74c                KEY_OFF
 .text          0x000000000898c930     0x28e4 psp/gym/bzlib/blocksort.o
                0x000000000898d3a0                BZ2_blockSort
 .text          0x000000000898f214     0x3790 psp/gym/bzlib/bzlib.o
                0x000000000898f79c                BZ2_bzerror
                0x000000000898f50c                BZ2_bzDecompressInit
                0x0000000008991e24                BZ2_bzwrite
                0x0000000008992858                BZ2_bzclose
                0x00000000089910e8                BZ2_bzdopen
                0x000000000898f970                BZ2_bzDecompress
                0x0000000008992410                BZ2_bzBuffToBuffDecompress
                0x000000000898f658                BZ2_bzDecompressEnd
                0x00000000089919f8                BZ2_bzCompress
                0x000000000898f794                BZ2_bzflush
                0x000000000898f700                BZ2_bzReadGetUnused
                0x00000000089910fc                BZ2_bzopen
                0x0000000008992194                BZ2_bzWriteClose
                0x0000000008991e64                BZ2_bzWriteClose64
                0x00000000089921a4                BZ2_bzBuffToBuffCompress
                0x000000000898f788                BZ2_bzlibVersion
                0x000000000898f7e4                BZ2_bzWriteOpen
                0x0000000008990c48                BZ2_bzReadOpen
                0x000000000898f214                BZ2_bzCompressInit
                0x0000000008990900                BZ2_bz__AssertH__fail
                0x0000000008990964                BZ2_bzRead
                0x000000000898f464                BZ2_bzCompressEnd
                0x0000000008991c14                BZ2_bzWrite
                0x0000000008990be4                BZ2_bzread
                0x0000000008992738                BZ2_bzReadClose
                0x000000000898f604                BZ2_indexIntoF
 .text          0x00000000089929a4     0x4bb4 psp/gym/bzlib/compress.o